// Jest Snapshot v1, https://goo.gl/fbAQLP

exports[`multi-config 1`] = `""`;
