// Jest Snapshot v1, https://goo.gl/fbAQLP

exports[`externals transforms correctly using "externals-0" data 1`] = `
"module.exports = {
    entry: 'index.js',
    output: {
		filename: 'bundle.js'
	},

    externals: /react/
}
"
`;
