exports[`extractTextPlugin transforms correctly 1`] = `
"let ExtractTextPlugin = require(\'extract-text-webpack-plugin\');

module.export = {
    module: {
        rules: [
            {
                test: /\\.css$/,
                use: ExtractTextPlugin.extract({
                    \'fallback\': \'style-loader\',
                    \'use\': \'css-loader\'
                })
            }
        ]
    },
    plugins: [
        new ExtractTextPlugin(\"styles.css\"),
    ]
}
"
`;
