// Jest Snapshot v1, https://goo.gl/fbAQLP

exports[`none 1`] = `""`;
