// Jest Snapshot v1, https://goo.gl/fbAQLP

exports[`plugins transforms correctly using "plugins-0" data 1`] = `
"module.exports = {
    entry: 'index.js',
    output: {
		filename: 'bundle.js'
	},

    plugins: [
        new webpack.optimize.CommonsChunkPlugin({name:'vendor',filename:'vendor-[hash].min.js'})
    ]
}
"
`;
