// Jest Snapshot v1, https://goo.gl/fbAQLP

exports[`watchOptions transforms correctly using "watch-0" data 1`] = `
"module.exports = {
    entry: 'index.js',

    output: {
		filename: 'bundle.js'
	},

    watchOptions: {
        aggregateTimeout: 300,
        poll: 1000,
        ignored: /node_modules/
    }
}
"
`;

exports[`watchOptions transforms correctly using "watch-1" data 1`] = `
"module.exports = {
    entry: 'index.js',

    output: {
		filename: 'bundle.js'
	},

    watchOptions: {
        aggregateTimeout: 300,
        poll: 1000,
        ignored: /node_modules/
    }
}
"
`;

exports[`watchOptions transforms correctly using "watch-2" data 1`] = `
"module.exports = {
    entry: 'index.js',

    output: {
		filename: 'bundle.js'
	},

    watchOptions: {
        aggregateTimeout: 300,
        poll: 1000,
        ignored: /node_modules/
    }
}
"
`;
