// Jest Snapshot v1, https://goo.gl/fbAQLP

exports[`extractTextPlugin extractTextPlugin transforms correctly 1`] = `
"const ExtractTextPlugin = require(\\"extract-text-webpack-plugin\\");

module.exports = {
	module: {
		rules: [
			{
				test: /\\\\.css$/,
				use: ExtractTextPlugin.extract({
                    fallback: 'style-loader',
                    use: 'css-loader'
                })
			}
		]
	},
	plugins: [new ExtractTextPlugin(\\"styles.css\\")]
};
"
`;
